const FormatAzure
const FormatConcise
const FormatFull
const FormatGitHub
const FormatGitLab
const FormatJSON
const FormatJSONLines
const FormatPylint
const FormatRDJSON
const MaxValueDepth
const MontyVersion
const NoDurationLimitGrace
const NoRequestTimeout
const ProtocolVersion
const SessionClosed
const SessionIdle
const SessionPaused
const SessionRunning
const StopAborted
const StopFinished
const StopKilled
const StopNotRunning
const StopPending
const Unlimited
const UnlimitedDuration
const UnlimitedPendingBytes
const UpstreamRev
const Version
const WorkerNative
const WorkerRemote
const WorkerWasm
func Auto
func BindingVersion
func CheckServerHealth
func DurationPtr
func FetchServerInfo
func FindMontyBinary
func Native
func NewPool
func NewRuntime
func Remote
func StaticServer
func Uint32
func Wasm
method FunctionSnapshot.Dump
method FunctionSnapshot.Resume
method FunctionSnapshot.ResumeAuto
method FunctionSnapshot.ResumeError
method FunctionSnapshot.ResumeFuture
method FunctionSnapshot.ResumeNotFound
method FunctionSnapshot.ResumeNotHandled
method FutureSnapshot.Dump
method FutureSnapshot.Resume
method FutureSnapshot.ResumeAuto
method NameLookupSnapshot.Dump
method NameLookupSnapshot.ResumeAuto
method NameLookupSnapshot.ResumeFunction
method NameLookupSnapshot.ResumeUnresolved
method NameLookupSnapshot.ResumeValue
method Pool.BinaryPath
method Pool.Checkout
method Pool.Close
method Pool.Run
method Pool.Shutdown
method Pool.Slot
method Pool.Stats
method Pool.Workers
method Run.Done
method Run.Stop
method Run.Wait
method Run.WaitContext
method Runtime.Options
method Session.Close
method Session.Done
method Session.Dump
method Session.Err
method Session.FeedRun
method Session.FeedStart
method Session.Go
method Session.InstallDependencies
method Session.LoadSession
method Session.LoadSnapshot
method Session.ScriptName
method Session.State
method Session.Stats
method Session.Stop
method Session.WorkerPID
method SessionState.String
method Slot.Close
method Slot.FeedRun
method Slot.FeedStart
method Slot.Go
method Slot.Session
method Slot.State
method Slot.Stop
method StopKind.String
method Stopped.SessionKept
method WorkerKind.String
type CheckoutOptions
type Complete
type FeedOptions
type FunctionSnapshot
type FutureResolution
type FutureSnapshot
type LoadSnapshotOptions
type NameLookupSnapshot
type NativeOptions
type OrphanReaper
type Pool
type PoolOptions
type PoolStats
type RecoveryPolicy
type RemoteOptions
type ResourceLimits
type Run
type RunOptions
type Runtime
type RuntimeOptions
type ServerEndpoint
type ServerInfo
type ServerLimits
type ServerSupervisor
type Session
type SessionState
type SessionStats
type Slot
type Snapshot
type StopKind
type StopPolicy
type Stopped
type TypeCheckFormat
type WasmOptions
type WorkerKind
type WorkerSource
var KillNow
