const BackendAuto
const BackendNative
const BackendWasm
const BackendWebSocket
const DefaultMaxPrintCollectBytes
const DefaultMountMemoryUsageLimit
const DisplayMsg
const DisplayTraceback
const DisplayTypeMsg
const FormatAzure
const FormatConcise
const FormatFull
const FormatGitHub
const FormatGitLab
const FormatJSON
const FormatJSONLines
const FormatPylint
const FormatRDJSON
const InterruptAborted
const InterruptAlreadyFinished
const InterruptBeforeStart
const InterruptFinished
const InterruptKilled
const InterruptNotRunning
const InterruptPending
const InterruptUnknown
const MaxValueDepth
const MontyVersion
const MountOverlay
const MountReadOnly
const MountReadWrite
const NoDurationLimitGrace
const NoRequestTimeout
const OriginBuiltin
const OriginHost
const OriginSandbox
const ProtocolVersion
const Stderr
const Stdout
const Unlimited
const UnlimitedDuration
const UnlimitedPendingBytes
const UnlimitedPrintCollect
const UpstreamRev
const Version
func All
func AsNamedTuple
func Async
func AsyncContext
func BindingVersion
func CheckWebSocketHealth
func DateTimeFromTime
func DurationPtr
func Equal
func Expose
func FetchServerInfo
func FindMontyBinary
func Flush
func Func
func Instrument
func IsSubclass
func KnownExceptionNames
func Lines
func MustClassInstance
func MustClassType
func MustFunc
func Names
func New
func NewClassInstance
func NewClassType
func NewClassTypeOf
func NewCollectStreams
func NewCollectString
func NewDict
func NewFileHandle
func NewFrozenSet
func NewFuture
func NewHost
func NewInstrumentation
func NewMountDir
func NewNamedTuple
func NewSet
func NewWebSocket
func Raise
func Repr
func SandboxName
func TimeDeltaFromDuration
func Uint32
method AttrPolicy.Allows
method AttrPolicy.IsAll
method Backend.String
method ClassInstance.ClassType
method ClassInstance.ID
method ClassInstance.Instance
method ClassInstance.Name
method ClassProxy.String
method ClassType.Construct
method ClassType.GoType
method ClassType.ID
method ClassType.Name
method CollectStreams.Output
method CollectStreams.Print
method CollectString.Output
method CollectString.Print
method ConversionError.Error
method CrashedError.Display
method CrashedError.Error
method CrashedError.Exception
method CrashedError.Is
method DisconnectError.Display
method DisconnectError.Error
method DisconnectError.Exception
method DisconnectError.Is
method FunctionFunc.Call
method FunctionSnapshot.Dump
method FunctionSnapshot.Resume
method FunctionSnapshot.ResumeAuto
method FunctionSnapshot.ResumeError
method FunctionSnapshot.ResumeFuture
method FunctionSnapshot.ResumeNotFound
method FunctionSnapshot.ResumeNotHandled
method Future.Done
method Future.Wait
method FutureSnapshot.Dump
method FutureSnapshot.Resume
method FutureSnapshot.ResumeAuto
method Host.Func
method Host.Names
method Host.Object
method Host.Restorable
method Host.Stubs
method Instrumentation.Config
method Instrumentation.Disable
method Instrumentation.Enable
method Instrumentation.ForceFlush
method Instrumentation.Name
method Instrumentation.SetConfig
method Instrumentation.SetLoggerProvider
method Instrumentation.SetMeterProvider
method Instrumentation.SetTracerProvider
method Instrumentation.Version
method MountDir.Close
method MountDir.String
method NameLookupSnapshot.Dump
method NameLookupSnapshot.ResumeAuto
method NameLookupSnapshot.ResumeFunction
method NameLookupSnapshot.ResumeUnresolved
method NameLookupSnapshot.ResumeValue
method OptionError.Error
method Pool.Backend
method Pool.BinaryPath
method Pool.Checkout
method Pool.Close
method Pool.Shutdown
method Pool.Stats
method PrintFunc.Print
method ProtocolError.Error
method ProtocolError.Is
method ProtocolError.Unwrap
method RaisedError.Error
method ResourceError.Display
method ResourceError.Error
method ResourceError.Exception
method Run.Done
method Run.Interrupt
method Run.Wait
method Run.WaitContext
method RuntimeError.Display
method RuntimeError.Error
method RuntimeError.Exception
method RuntimeError.Is
method RuntimeError.TracebackFrames
method Session.Close
method Session.CloseNow
method Session.Done
method Session.Dump
method Session.Err
method Session.FeedRun
method Session.FeedStart
method Session.Go
method Session.InstallDependencies
method Session.Interrupt
method Session.LoadSession
method Session.LoadSnapshot
method Session.ScriptName
method Session.Stats
method Session.WorkerPID
method SessionKilledError.Error
method SessionKilledError.Is
method SessionKilledError.Unwrap
method ShutdownError.Display
method ShutdownError.Error
method ShutdownError.Exception
method ShutdownError.Is
method SpawnError.Error
method SyntaxError.Display
method SyntaxError.Error
method SyntaxError.Exception
method TypingError.Display
method TypingError.Error
method TypingError.Exception
method ValueError.Error
type AttrLister
type AttrPolicy
type AttrProvider
type Backend
type BuiltinFunction
type CheckoutOptions
type ClassInstance
type ClassInstanceOptions
type ClassProxy
type ClassType
type ClassTypeOptions
type CollectStreams
type CollectString
type CollectedStreamEntry
type Complete
type ContextPrintTarget
type ConversionError
type CrashedError
type Cycle
type Date
type DateTime
type Dict
type DisconnectError
type DisplayFormat
type EllipsisType
type Error
type Exception
type ExceptionInfo
type ExternalFunction
type FeedOptions
type FileHandle
type FlushingPrintTarget
type Frame
type FrozenSet
type Function
type FunctionFunc
type FunctionSnapshot
type Future
type FutureResolution
type FutureSnapshot
type Host
type HostFuncOptions
type Instrumentation
type InstrumentationConfig
type InterruptOptions
type InterruptOutcome
type InterruptResult
type Kwargs
type LoadSnapshotOptions
type MethodProvider
type MountDir
type MountDirOptions
type MountMode
type NameLookupSnapshot
type NamedTuple
type NotImplementedType
type OSHandler
type OptionError
type Options
type Pair
type Path
type Pool
type PoolStats
type PrintFunc
type PrintTarget
type ProtocolError
type RaisedError
type ResourceError
type ResourceLimits
type Run
type RuntimeError
type ServerInfo
type ServerLimits
type Session
type SessionKilledError
type SessionStats
type Set
type ShutdownError
type Snapshot
type SpawnError
type Stream
type SyntaxError
type TelemetryComponents
type Time
type TimeDelta
type TimeZone
type Tuple
type Type
type TypeCheckFormat
type TypeOrigin
type TypingError
type ValueError
type WebSocketOptions
var Ellipsis
var ErrAttrNotExposed
var ErrCheckoutTimeout
var ErrDumpIsIdle
var ErrDumpIsSuspended
var ErrHostObjectNotRestorable
var ErrNoServerInfo
var ErrNotFresh
var ErrNotOSCall
var ErrPoolClosed
var ErrSessionBusy
var ErrSessionClosed
var ErrSessionLost
var ErrSnapshotResumed
var ErrSnapshotStale
var ErrTelemetryPresent
var ErrTurnCancelled
var NotHandled
var NotImplemented
